
  You can now view your Streamlit app in your browser.

  URL: http://localhost:8502

  For better performance, install the Watchdog module:

  $ xcode-select --install
  $ pip install watchdog
            
/Users/kevin/Desktop/medrag/.venv/lib/python3.9/site-packages/urllib3/__init__.py:35: NotOpenSSLWarning: urllib3 v2 only supports OpenSSL 1.1.1+, currently the 'ssl' module is compiled with 'LibreSSL 2.8.3'. See: https://github.com/urllib3/urllib3/issues/3020
  warnings.warn(
/Users/kevin/Desktop/medrag/medrag/retriever.py:29: RuntimeWarning: divide by zero encountered in matmul
  relevance = cand_vecs @ query_vec           # vectors are normalized
/Users/kevin/Desktop/medrag/medrag/retriever.py:29: RuntimeWarning: overflow encountered in matmul
  relevance = cand_vecs @ query_vec           # vectors are normalized
/Users/kevin/Desktop/medrag/medrag/retriever.py:29: RuntimeWarning: invalid value encountered in matmul
  relevance = cand_vecs @ query_vec           # vectors are normalized
2026-07-29 18:59:26.429 Please replace `use_container_width` with `width`.

`use_container_width` will be removed after 2025-12-31.

For `use_container_width=True`, use `width='stretch'`. For `use_container_width=False`, use `width='content'`.
2026-07-29 19:15:39.369 Please replace `use_container_width` with `width`.

`use_container_width` will be removed after 2025-12-31.

For `use_container_width=True`, use `width='stretch'`. For `use_container_width=False`, use `width='content'`.
2026-07-29 23:09:49.723 Please replace `use_container_width` with `width`.

`use_container_width` will be removed after 2025-12-31.

For `use_container_width=True`, use `width='stretch'`. For `use_container_width=False`, use `width='content'`.
[medrag] 100 PMIDs matched
  Stopping...
